........................................................................ [  5%]
............................................... [  9%]
.......................................... [ 13%]
....................................................... [ 17%]
............................................................... [ 22%]
....................ssssss........................... [ 26%]
........................................................ [ 31%]
................................................................................................................................................ [ 43%]
...............................................ss.s..................... [ 49%]
..................................................................................................................... [ 58%]
...............................ss................. [ 62%]
.................................................................... [ 68%]
.......................................................... [ 72%]
............................................... [ 76%]
................................................................. [ 81%]
..................................................................... [ 87%]
.........s......uuuu.uuu...........uuuuuu.. [ 89%]
.uuu............................................................... [ 95%]
............................... [ 97%]
.............................                                       [100%]
1220 passed, 12 skipped, 674 subtests passed in 80.26s (0:01:20)
